
> pages:build
> npx @cloudflare/next-on-pages

ÔÜí´©Å @cloudflare/next-on-pages CLI v.1.13.16

ÔÜí´©Å Warning: It seems like you're on a Windows system, the Vercel CLI (run by @cloudflare/next-on-pages
ÔÜí´©Å to build your application) seems not to work reliably on Windows so if you experience issues during
ÔÜí´©Å the build process please try switching to a different operating system or running
ÔÜí´©Å @cloudflare/next-on-pages under the Windows Subsystem for Linux

EXIT WHEN NOT EXPECTED

SHELLAC COMMAND FAILED!
Executing: npm --version in C:\Users\zilda\OneDrive\├ürea de Trabalho\adm jhonjhon\jhon_jhon_admin\nextjs_space

STDOUT:



STDERR:



ÔÜí´©Å Unexpected error: {"cmd":"npm --version","stdout":"","stderr":""}
